// Jest Snapshot v1, https://goo.gl/fbAQLP

exports[`<App /> matches expected snapshot 1`] = `
<div
  className=""
>
  <header
    className="collapsible header"
  >
    <div
      className={undefined}
    >
      <a
        className={undefined}
        href={undefined}
      >
        <img
          alt="... portrait"
          src={undefined}
        />
      </a>
    </div>
    <div
      className={undefined}
    >
      <h1
        className={undefined}
      >
        <a
          href={undefined}
        >
          ...
        </a>
      </h1>
      <h2
        className={undefined}
      />
    </div>
    <p
      className={undefined}
    >
      <a
        className="btn-sm btn btn-default"
        href="https://facebook.com/eodoxus"
        rel="noopener noreferrer"
        target="_blank"
      >
        <i
          className="fa fa-facebook"
        />
      </a>
      <a
        className="btn-sm btn btn-default"
        href="https://www.linkedin.com/in/jasongordon"
        rel="noopener noreferrer"
        target="_blank"
      >
        <i
          className="fa fa-linkedin"
        />
      </a>
      <a
        className="btn-sm btn btn-default"
        href="https://github.com/eodoxus"
        rel="noopener noreferrer"
        target="_blank"
      >
        <i
          className="fa fa-github"
        />
      </a>
      <span
        className={undefined}
      >
        <a
          className="btn-sm btn btn-default"
          href="tel:undefined"
          rel="noopener noreferrer"
          target="_top"
        >
          <i
            className="fa fa-phone"
          />
        </a>
      </span>
      <a
        className="btn-sm btn btn-default"
        href="mailto:undefined"
        rel="noopener noreferrer"
        target="_top"
      >
        <i
          className="fa fa-envelope"
        />
      </a>
    </p>
    <p
      className={undefined}
    >
       
      <br />
    </p>
  </header>
  <div
    className={undefined}
  >
    <div
      className=""
    >
      <svg
        height="40px"
        id="loader-1"
        style={
          Object {
            "enableBackground": "new 0 0 50 50",
          }
        }
        version="1.1"
        viewBox="0 0 50 50"
        width="40px"
        x="0px"
        xmlns="http://www.w3.org/2000/svg"
        y="0px"
      >
        <path
          d="M43.935,25.145c0-10.318-8.364-18.683-18.683-18.683c-10.318,0-18.683,8.365-18.683,18.683h4.068c0-8.071,6.543-14.615,14.615-14.615c8.072,0,14.615,6.543,14.615,14.615H43.935z"
          fill="#000"
          transform="rotate(330 25 25)"
        >
          <animateTransform
            attributeName="transform"
            attributeType="xml"
            dur="0.6s"
            from="0 25 25"
            repeatCount="indefinite"
            to="360 25 25"
            type="rotate"
          />
        </path>
      </svg>
    </div>
  </div>
  <footer
    className="collapsible footer"
  >
    
  </footer>
</div>
`;
