// Jest Snapshot v1, https://goo.gl/fbAQLP

exports[`<TatteredPageComponent /> Snapshots closes when close button is clicked 1`] = `""`;

exports[`<TatteredPageComponent /> Snapshots matches expected empty snapshot initially 1`] = `""`;

exports[`<TatteredPageComponent /> Snapshots renders empty on close event when opened 1`] = `""`;

exports[`<TatteredPageComponent /> Snapshots renders tattered page graphics container on open event 1`] = `
<div
  className="tattered-page"
  onClick={[Function]}
  style={
    Object {
      "backgroundImage": "url(/images/tattered-page.png)",
    }
  }
>
  <div
    className="undefined close"
    onClick={[Function]}
  >
    <span>
      x
    </span>
  </div>
  <div
    className={undefined}
  >
    <div
      className={undefined}
      onClick={[Function]}
    >
      <span>
        1
      </span>
      <div
        className=""
      />
    </div>
  </div>
  <div
    className={undefined}
  />
</div>
`;
